
> prebuild@0.1.0 build
> next build

   Γû▓ Next.js 16.0.6 (Turbopack)
   - Environments: .env

node.exe :  ΓÜá The "middleware" file convention 
is deprecated. Please use "proxy" instead. Learn 
more: https://nextjs.org/docs/messages/middleware-t
o-proxy
At C:\Program Files\nodejs\npm.ps1:29 char:3
+   & $NODE_EXE $NPM_CLI_JS $args
+   ~~~~~~~~~~~~~~~~~~~~~~~~~~~~~
    + CategoryInfo          : NotSpecified: ( ΓÜá  
   The "middl...leware-to-proxy:String) [], Remot  
  eException
    + FullyQualifiedErrorId : NativeCommandError
 
   Creating an optimized production build ...
 Γ£ô Compiled successfully in 4.2s
   Running TypeScript ...
Failed to compile.

./src/components/builder/selectable.tsx:36:34
Type error: Argument of type 'MouseEvent<Element, 
MouseEvent>' is not assignable to parameter of 
type 'MouseEvent<HTMLElement, MouseEvent>'.
  Type 'Element' is missing the following 
properties from type 'HTMLElement': accessKey, 
accessKeyLabel, autocapitalize, autocorrect, and 
129 more.

[0m [90m 34 |[39m             
setSelectedBlockId(blockId)
 [90m 35 |[39m             
setSelectedElementId(elementId)
[31m[1m>[22m[39m[90m 36 |[39m             
[36mif[39m (onClick) onClick(e)
 [90m    |[39m                                  
[31m[1m^[22m[39m
 [90m 37 |[39m         }
 [90m 38 |[39m     }
 [90m 39 |[39m[0m
Next.js build worker exited with code: 1 and 
signal: null
